<html>
<body>
<pre>
<h1>µVision Build Log</h1>
<h2>Project:</h2>
C:\Users\logan\Documents\445L\Sample Projects\ValvanoWareTM4C123\Lab3\Lab3.uvproj
Project File Date:  09/18/2018

<h2>Output:</h2>
Build target 'Lab 3'
assembling startup.s...
compiling ADCSWTrigger.c...
compiling PLL.c...
compiling Timer1.c...
compiling fixed.c...
compiling ST7735.c...
compiling Main.c...
compiling line.c...
linking...
Program Size: Code=2696 RO-data=2052 RW-data=44 ZI-data=1124  
".\Lab3.axf" - 0 Error(s), 0 Warning(s).
</pre>
</body>
</html>
 errors
linking...
Program Size: Code=2696 RO-data=2052 RW-data=44 ZI-data=1124  
".\Lab3.axf" - 0 Error(s), 1 Warning(s).
Clean started: Project: 'Lab3'
   deleting intermediate output files for target 'Lab 3'
Clean started: Project: 'Lab3'
   deleting intermediate output files for target 'Lab 3'
