<html>
<body>
<pre>
<h1>µVision Build Log</h1>
<h2>Project:</h2>
C:\Users\logan\Documents\445L\Sample Projects\ValvanoWareTM4C123\Lab3\Lab3.uvproj
Project File Date:  09/20/2018

<h2>Output:</h2>
Rebuild target 'Lab 3'
assembling startup.s...
compiling ADCSWTrigger.c...
compiling PLL.c...
compiling fixed.c...
compiling ST7735.c...
compiling Main.c...
compiling line.c...
compiling controller.c...
compiling alarm.c...
compiling Timer0A.c...
linking...
Program Size: Code=2792 RO-data=2052 RW-data=60 ZI-data=1124  
".\Lab3.axf" - 0 Error(s), 0 Warning(s).
Load "C:\\Users\\logan\\Documents\\445L\\Sample Projects\\ValvanoWareTM4C123\\Lab3\\Lab3.axf" 
Connecting: Mode=JTAG, Speed=1000000Hz
Erase Done.
Programming Done.
Verify OK.
ash Download failed  -  Target DLL has been cancelled
Load "C:\\Users\\logan\\Documents\\445L\\Sample Projects\\ValvanoWareTM4C123\\Lab3\\Lab3.axf" 
Connecting: Mode=JTAG, Speed=1000000Hz
Erase Done.
Programming Done.
Verify OK.
2 Warning(s).
Target not created
