<html>
<body>
<pre>
<h1>µVision Build Log</h1>
<h2>Project:</h2>
C:\Users\Samantha\Box\EE 445L\ValvanoWareTM4C123\lab3\Lab3.uvproj
Project File Date:  09/25/2018

<h2>Output:</h2>
Rebuild target 'Lab 3'
assembling startup.s...
compiling ADCSWTrigger.c...
compiling PLL.c...
compiling fixed.c...
compiling ST7735.c...
compiling Main.c...
compiling line.c...
compiling controller.c...
compiling Timer0.c...
compiling alarm.c...
compiling Timer0A.c...
linking...
Program Size: Code=9068 RO-data=2596 RW-data=56 ZI-data=1120  
".\Lab3.axf" - 0 Error(s), 0 Warning(s).
Load "C:\\Users\\Samantha\\Box\\EE 445L\\ValvanoWareTM4C123\\lab3\\Lab3.axf" 
Connecting: Mode=JTAG, Speed=1000000Hz
Erase Done.
Programming Done.
Verify OK.
ash Download failed  -  Target DLL has been cancelled
 statement at end of non-void function "display"
  }
controller.c: 1 warning, 2 errors
compiling Timer0.c...
compiling alarm.c...
compiling Timer0A.c...
".\Lab3.axf" - 2 Error(s), 1 Warning(s).
Target not created
0E: Symbol yHourCoordinates multiply defined (by controller.o and main.o).
.\Lab3.axf: Error: L6200E: Symbol yHourCoordinates multiply defined (by timer0a.o and main.o).
Not enough information to list image symbols.
Not enough information to list the image map.
Finished: 2 information, 0 warning and 6 error messages.
".\Lab3.axf" - 6 Error(s), 1 Warning(s).
Target not created
